Analysis & Synthesis report for RP_from_altsyncram
Mon Jan 06 15:52:36 2025
Quartus II 64-Bit Version 13.1.0 Build 162 10/23/2013 SJ Web Edition


---------------------
; Table of Contents ;
---------------------
  1. Legal Notice
  2. Analysis & Synthesis Summary
  3. Analysis & Synthesis Settings
  4. Parallel Compilation
  5. Analysis & Synthesis Source Files Read
  6. Analysis & Synthesis Resource Usage Summary
  7. Analysis & Synthesis Resource Utilization by Entity
  8. Analysis & Synthesis RAM Summary
  9. General Register Statistics
 10. Source assignments for ALTSYNCRAM:RP_1|altsyncram_v8n3:auto_generated
 11. Parameter Settings for User Entity Instance: ALTSYNCRAM:RP_1
 12. altsyncram Parameter Settings by Entity Instance
 13. Elapsed Time Per Partition
 14. Analysis & Synthesis Messages



----------------
; Legal Notice ;
----------------
Copyright (C) 1991-2013 Altera Corporation
Your use of Altera Corporation's design tools, logic functions 
and other software and tools, and its AMPP partner logic 
functions, and any output files from any of the foregoing 
(including device programming or simulation files), and any 
associated documentation or information are expressly subject 
to the terms and conditions of the Altera Program License 
Subscription Agreement, Altera MegaCore Function License 
Agreement, or other applicable license agreement, including, 
without limitation, that your use is for the sole purpose of 
programming logic devices manufactured by Altera and sold by 
Altera or its authorized distributors.  Please refer to the 
applicable agreement for further details.



+---------------------------------------------------------------------------------+
; Analysis & Synthesis Summary                                                    ;
+------------------------------------+--------------------------------------------+
; Analysis & Synthesis Status        ; Successful - Mon Jan 06 15:52:36 2025      ;
; Quartus II 64-Bit Version          ; 13.1.0 Build 162 10/23/2013 SJ Web Edition ;
; Revision Name                      ; RP_from_altsyncram                         ;
; Top-level Entity Name              ; Modul_altsyncra_after_edit                 ;
; Family                             ; Cyclone IV GX                              ;
; Total logic elements               ; 0                                          ;
;     Total combinational functions  ; 0                                          ;
;     Dedicated logic registers      ; 0                                          ;
; Total registers                    ; 0                                          ;
; Total pins                         ; 41                                         ;
; Total virtual pins                 ; 0                                          ;
; Total memory bits                  ; 64                                         ;
; Embedded Multiplier 9-bit elements ; 0                                          ;
; Total GXB Receiver Channel PCS     ; 0                                          ;
; Total GXB Receiver Channel PMA     ; 0                                          ;
; Total GXB Transmitter Channel PCS  ; 0                                          ;
; Total GXB Transmitter Channel PMA  ; 0                                          ;
; Total PLLs                         ; 0                                          ;
+------------------------------------+--------------------------------------------+


+------------------------------------------------------------------------------------------------------------------------------+
; Analysis & Synthesis Settings                                                                                                ;
+----------------------------------------------------------------------------+----------------------------+--------------------+
; Option                                                                     ; Setting                    ; Default Value      ;
+----------------------------------------------------------------------------+----------------------------+--------------------+
; Top-level entity name                                                      ; Modul_altsyncra_after_edit ; RP_from_altsyncram ;
; Family name                                                                ; Cyclone IV GX              ; Cyclone IV GX      ;
; Use smart compilation                                                      ; Off                        ; Off                ;
; Enable parallel Assembler and TimeQuest Timing Analyzer during compilation ; On                         ; On                 ;
; Enable compact report table                                                ; Off                        ; Off                ;
; Restructure Multiplexers                                                   ; Auto                       ; Auto               ;
; Create Debugging Nodes for IP Cores                                        ; Off                        ; Off                ;
; Preserve fewer node names                                                  ; On                         ; On                 ;
; Disable OpenCore Plus hardware evaluation                                  ; Off                        ; Off                ;
; Verilog Version                                                            ; Verilog_2001               ; Verilog_2001       ;
; VHDL Version                                                               ; VHDL_1993                  ; VHDL_1993          ;
; State Machine Processing                                                   ; Auto                       ; Auto               ;
; Safe State Machine                                                         ; Off                        ; Off                ;
; Extract Verilog State Machines                                             ; On                         ; On                 ;
; Extract VHDL State Machines                                                ; On                         ; On                 ;
; Ignore Verilog initial constructs                                          ; Off                        ; Off                ;
; Iteration limit for constant Verilog loops                                 ; 5000                       ; 5000               ;
; Iteration limit for non-constant Verilog loops                             ; 250                        ; 250                ;
; Add Pass-Through Logic to Inferred RAMs                                    ; On                         ; On                 ;
; Infer RAMs from Raw Logic                                                  ; On                         ; On                 ;
; Parallel Synthesis                                                         ; On                         ; On                 ;
; DSP Block Balancing                                                        ; Auto                       ; Auto               ;
; NOT Gate Push-Back                                                         ; On                         ; On                 ;
; Power-Up Don't Care                                                        ; On                         ; On                 ;
; Remove Redundant Logic Cells                                               ; Off                        ; Off                ;
; Remove Duplicate Registers                                                 ; On                         ; On                 ;
; Ignore CARRY Buffers                                                       ; Off                        ; Off                ;
; Ignore CASCADE Buffers                                                     ; Off                        ; Off                ;
; Ignore GLOBAL Buffers                                                      ; Off                        ; Off                ;
; Ignore ROW GLOBAL Buffers                                                  ; Off                        ; Off                ;
; Ignore LCELL Buffers                                                       ; Off                        ; Off                ;
; Ignore SOFT Buffers                                                        ; On                         ; On                 ;
; Limit AHDL Integers to 32 Bits                                             ; Off                        ; Off                ;
; Optimization Technique                                                     ; Balanced                   ; Balanced           ;
; Carry Chain Length                                                         ; 70                         ; 70                 ;
; Auto Carry Chains                                                          ; On                         ; On                 ;
; Auto Open-Drain Pins                                                       ; On                         ; On                 ;
; Perform WYSIWYG Primitive Resynthesis                                      ; Off                        ; Off                ;
; Auto ROM Replacement                                                       ; On                         ; On                 ;
; Auto RAM Replacement                                                       ; On                         ; On                 ;
; Auto DSP Block Replacement                                                 ; On                         ; On                 ;
; Auto Shift Register Replacement                                            ; Auto                       ; Auto               ;
; Allow Shift Register Merging across Hierarchies                            ; Auto                       ; Auto               ;
; Auto Clock Enable Replacement                                              ; On                         ; On                 ;
; Strict RAM Replacement                                                     ; Off                        ; Off                ;
; Allow Synchronous Control Signals                                          ; On                         ; On                 ;
; Force Use of Synchronous Clear Signals                                     ; Off                        ; Off                ;
; Auto RAM Block Balancing                                                   ; On                         ; On                 ;
; Auto RAM to Logic Cell Conversion                                          ; Off                        ; Off                ;
; Auto Resource Sharing                                                      ; Off                        ; Off                ;
; Allow Any RAM Size For Recognition                                         ; Off                        ; Off                ;
; Allow Any ROM Size For Recognition                                         ; Off                        ; Off                ;
; Allow Any Shift Register Size For Recognition                              ; Off                        ; Off                ;
; Use LogicLock Constraints during Resource Balancing                        ; On                         ; On                 ;
; Ignore translate_off and synthesis_off directives                          ; Off                        ; Off                ;
; Timing-Driven Synthesis                                                    ; On                         ; On                 ;
; Report Parameter Settings                                                  ; On                         ; On                 ;
; Report Source Assignments                                                  ; On                         ; On                 ;
; Report Connectivity Checks                                                 ; On                         ; On                 ;
; Ignore Maximum Fan-Out Assignments                                         ; Off                        ; Off                ;
; Synchronization Register Chain Length                                      ; 2                          ; 2                  ;
; PowerPlay Power Optimization                                               ; Normal compilation         ; Normal compilation ;
; HDL message level                                                          ; Level2                     ; Level2             ;
; Suppress Register Optimization Related Messages                            ; Off                        ; Off                ;
; Number of Removed Registers Reported in Synthesis Report                   ; 5000                       ; 5000               ;
; Number of Swept Nodes Reported in Synthesis Report                         ; 5000                       ; 5000               ;
; Number of Inverted Registers Reported in Synthesis Report                  ; 100                        ; 100                ;
; Clock MUX Protection                                                       ; On                         ; On                 ;
; Auto Gated Clock Conversion                                                ; Off                        ; Off                ;
; Block Design Naming                                                        ; Auto                       ; Auto               ;
; SDC constraint protection                                                  ; Off                        ; Off                ;
; Synthesis Effort                                                           ; Auto                       ; Auto               ;
; Shift Register Replacement - Allow Asynchronous Clear Signal               ; On                         ; On                 ;
; Pre-Mapping Resynthesis Optimization                                       ; Off                        ; Off                ;
; Analysis & Synthesis Message Level                                         ; Medium                     ; Medium             ;
; Disable Register Merging Across Hierarchies                                ; Auto                       ; Auto               ;
; Resource Aware Inference For Block RAM                                     ; On                         ; On                 ;
; Synthesis Seed                                                             ; 1                          ; 1                  ;
+----------------------------------------------------------------------------+----------------------------+--------------------+


Parallel compilation was disabled, but you have multiple processors available. Enable parallel compilation to reduce compilation time.
+-------------------------------------+
; Parallel Compilation                ;
+----------------------------+--------+
; Processors                 ; Number ;
+----------------------------+--------+
; Number detected on machine ; 4      ;
; Maximum allowed            ; 1      ;
+----------------------------+--------+


+------------------------------------------------------------------------------------------------------------------------------------------------------------------------------------+
; Analysis & Synthesis Source Files Read                                                                                                                                             ;
+----------------------------------+-----------------+---------------------------------------+-----------------------------------------------------------------------------+---------+
; File Name with User-Entered Path ; Used in Netlist ; File Type                             ; File Name with Absolute Path                                                ; Library ;
+----------------------------------+-----------------+---------------------------------------+-----------------------------------------------------------------------------+---------+
; mem_file.hex                     ; yes             ; User Hexadecimal (Intel-Format) File  ; D:/AlteraProjects/from_lipova/Projects_OP/OP/mem_file.hex                   ;         ;
; Modul_altsyncra_after_edit.bdf   ; yes             ; User Block Diagram/Schematic File     ; D:/AlteraProjects/from_lipova/Projects_OP/OP/Modul_altsyncra_after_edit.bdf ;         ;
; altsyncram.tdf                   ; yes             ; Megafunction                          ; c:/altera/13.1/quartus/libraries/megafunctions/altsyncram.tdf               ;         ;
; stratix_ram_block.inc            ; yes             ; Megafunction                          ; c:/altera/13.1/quartus/libraries/megafunctions/stratix_ram_block.inc        ;         ;
; lpm_mux.inc                      ; yes             ; Megafunction                          ; c:/altera/13.1/quartus/libraries/megafunctions/lpm_mux.inc                  ;         ;
; lpm_decode.inc                   ; yes             ; Megafunction                          ; c:/altera/13.1/quartus/libraries/megafunctions/lpm_decode.inc               ;         ;
; aglobal131.inc                   ; yes             ; Megafunction                          ; c:/altera/13.1/quartus/libraries/megafunctions/aglobal131.inc               ;         ;
; a_rdenreg.inc                    ; yes             ; Megafunction                          ; c:/altera/13.1/quartus/libraries/megafunctions/a_rdenreg.inc                ;         ;
; altrom.inc                       ; yes             ; Megafunction                          ; c:/altera/13.1/quartus/libraries/megafunctions/altrom.inc                   ;         ;
; altram.inc                       ; yes             ; Megafunction                          ; c:/altera/13.1/quartus/libraries/megafunctions/altram.inc                   ;         ;
; altdpram.inc                     ; yes             ; Megafunction                          ; c:/altera/13.1/quartus/libraries/megafunctions/altdpram.inc                 ;         ;
; db/altsyncram_v8n3.tdf           ; yes             ; Auto-Generated Megafunction           ; D:/AlteraProjects/from_lipova/Projects_OP/OP/db/altsyncram_v8n3.tdf         ;         ;
+----------------------------------+-----------------+---------------------------------------+-----------------------------------------------------------------------------+---------+


+---------------------------------------------+
; Analysis & Synthesis Resource Usage Summary ;
+--------------------------+------------------+
; Resource                 ; Usage            ;
+--------------------------+------------------+
; I/O pins                 ; 41               ;
; Total memory bits        ; 64               ;
; DSP block 9-bit elements ; 0                ;
; Maximum fan-out node     ; wren_a~input     ;
; Maximum fan-out          ; 8                ;
; Total fan-out            ; 145              ;
; Average fan-out          ; 1.61             ;
+--------------------------+------------------+


+------------------------------------------------------------------------------------------------------------------------------------------------------------------------------------------------------------------------------------------------------------+
; Analysis & Synthesis Resource Utilization by Entity                                                                                                                                                                                                        ;
+----------------------------------------+-------------------+--------------+-------------+--------------+---------+-----------+-----------+------+--------------+----------------------------------------------------------------------------+--------------+
; Compilation Hierarchy Node             ; LC Combinationals ; LC Registers ; Memory Bits ; DSP Elements ; DSP 9x9 ; DSP 18x18 ; DSP 36x36 ; Pins ; Virtual Pins ; Full Hierarchy Name                                                        ; Library Name ;
+----------------------------------------+-------------------+--------------+-------------+--------------+---------+-----------+-----------+------+--------------+----------------------------------------------------------------------------+--------------+
; |Modul_altsyncra_after_edit            ; 0 (0)             ; 0 (0)        ; 64          ; 0            ; 0       ; 0         ; 0         ; 41   ; 0            ; |Modul_altsyncra_after_edit                                                ; work         ;
;    |altsyncram:RP_1|                   ; 0 (0)             ; 0 (0)        ; 64          ; 0            ; 0       ; 0         ; 0         ; 0    ; 0            ; |Modul_altsyncra_after_edit|altsyncram:RP_1                                ; work         ;
;       |altsyncram_v8n3:auto_generated| ; 0 (0)             ; 0 (0)        ; 64          ; 0            ; 0       ; 0         ; 0         ; 0    ; 0            ; |Modul_altsyncra_after_edit|altsyncram:RP_1|altsyncram_v8n3:auto_generated ; work         ;
+----------------------------------------+-------------------+--------------+-------------+--------------+---------+-----------+-----------+------+--------------+----------------------------------------------------------------------------+--------------+
Note: For table entries with two numbers listed, the numbers in parentheses indicate the number of resources of the given type used by the specific entity alone. The numbers listed outside of parentheses indicate the total resources of the given type used by the specific entity and all of its sub-entities in the hierarchy.


+---------------------------------------------------------------------------------------------------------------------------------------------------------------------+
; Analysis & Synthesis RAM Summary                                                                                                                                    ;
+-----------------------------------------------------------+------+----------------+--------------+--------------+--------------+--------------+------+--------------+
; Name                                                      ; Type ; Mode           ; Port A Depth ; Port A Width ; Port B Depth ; Port B Width ; Size ; MIF          ;
+-----------------------------------------------------------+------+----------------+--------------+--------------+--------------+--------------+------+--------------+
; altsyncram:RP_1|altsyncram_v8n3:auto_generated|ALTSYNCRAM ; AUTO ; True Dual Port ; 8            ; 8            ; 8            ; 8            ; 64   ; mem_file.hex ;
+-----------------------------------------------------------+------+----------------+--------------+--------------+--------------+--------------+------+--------------+


+------------------------------------------------------+
; General Register Statistics                          ;
+----------------------------------------------+-------+
; Statistic                                    ; Value ;
+----------------------------------------------+-------+
; Total registers                              ; 0     ;
; Number of registers using Synchronous Clear  ; 0     ;
; Number of registers using Synchronous Load   ; 0     ;
; Number of registers using Asynchronous Clear ; 0     ;
; Number of registers using Asynchronous Load  ; 0     ;
; Number of registers using Clock Enable       ; 0     ;
; Number of registers using Preset             ; 0     ;
+----------------------------------------------+-------+


+-----------------------------------------------------------------------+
; Source assignments for ALTSYNCRAM:RP_1|altsyncram_v8n3:auto_generated ;
+---------------------------------+--------------------+------+---------+
; Assignment                      ; Value              ; From ; To      ;
+---------------------------------+--------------------+------+---------+
; OPTIMIZE_POWER_DURING_SYNTHESIS ; NORMAL_COMPILATION ; -    ; -       ;
+---------------------------------+--------------------+------+---------+


+----------------------------------------------------------------------------+
; Parameter Settings for User Entity Instance: ALTSYNCRAM:RP_1               ;
+------------------------------------+----------------------+----------------+
; Parameter Name                     ; Value                ; Type           ;
+------------------------------------+----------------------+----------------+
; BYTE_SIZE_BLOCK                    ; 8                    ; Untyped        ;
; AUTO_CARRY_CHAINS                  ; ON                   ; AUTO_CARRY     ;
; IGNORE_CARRY_BUFFERS               ; OFF                  ; IGNORE_CARRY   ;
; AUTO_CASCADE_CHAINS                ; ON                   ; AUTO_CASCADE   ;
; IGNORE_CASCADE_BUFFERS             ; OFF                  ; IGNORE_CASCADE ;
; WIDTH_BYTEENA                      ; 1                    ; Untyped        ;
; OPERATION_MODE                     ; BIDIR_DUAL_PORT      ; Untyped        ;
; WIDTH_A                            ; 8                    ; Untyped        ;
; WIDTHAD_A                          ; 3                    ; Untyped        ;
; NUMWORDS_A                         ; 8                    ; Untyped        ;
; OUTDATA_REG_A                      ; UNREGISTERED         ; Untyped        ;
; ADDRESS_ACLR_A                     ; NONE                 ; Untyped        ;
; OUTDATA_ACLR_A                     ; NONE                 ; Untyped        ;
; WRCONTROL_ACLR_A                   ; NONE                 ; Untyped        ;
; INDATA_ACLR_A                      ; NONE                 ; Untyped        ;
; BYTEENA_ACLR_A                     ; NONE                 ; Untyped        ;
; WIDTH_B                            ; 8                    ; Untyped        ;
; WIDTHAD_B                          ; 3                    ; Untyped        ;
; NUMWORDS_B                         ; 8                    ; Untyped        ;
; INDATA_REG_B                       ; CLOCK0               ; Untyped        ;
; WRCONTROL_WRADDRESS_REG_B          ; CLOCK0               ; Untyped        ;
; RDCONTROL_REG_B                    ; CLOCK0               ; Untyped        ;
; ADDRESS_REG_B                      ; CLOCK0               ; Untyped        ;
; OUTDATA_REG_B                      ; UNREGISTERED         ; Untyped        ;
; BYTEENA_REG_B                      ; CLOCK0               ; Untyped        ;
; INDATA_ACLR_B                      ; NONE                 ; Untyped        ;
; WRCONTROL_ACLR_B                   ; NONE                 ; Untyped        ;
; ADDRESS_ACLR_B                     ; NONE                 ; Untyped        ;
; OUTDATA_ACLR_B                     ; NONE                 ; Untyped        ;
; RDCONTROL_ACLR_B                   ; NONE                 ; Untyped        ;
; BYTEENA_ACLR_B                     ; NONE                 ; Untyped        ;
; WIDTH_BYTEENA_A                    ; 1                    ; Untyped        ;
; WIDTH_BYTEENA_B                    ; 1                    ; Untyped        ;
; RAM_BLOCK_TYPE                     ; AUTO                 ; Untyped        ;
; BYTE_SIZE                          ; 8                    ; Untyped        ;
; READ_DURING_WRITE_MODE_MIXED_PORTS ; DONT_CARE            ; Untyped        ;
; READ_DURING_WRITE_MODE_PORT_A      ; NEW_DATA_NO_NBE_READ ; Untyped        ;
; READ_DURING_WRITE_MODE_PORT_B      ; NEW_DATA_NO_NBE_READ ; Untyped        ;
; INIT_FILE                          ; mem_file.hex         ; Untyped        ;
; INIT_FILE_LAYOUT                   ; PORT_B               ; Untyped        ;
; MAXIMUM_DEPTH                      ; 0                    ; Untyped        ;
; CLOCK_ENABLE_INPUT_A               ; NORMAL               ; Untyped        ;
; CLOCK_ENABLE_INPUT_B               ; NORMAL               ; Untyped        ;
; CLOCK_ENABLE_OUTPUT_A              ; NORMAL               ; Untyped        ;
; CLOCK_ENABLE_OUTPUT_B              ; NORMAL               ; Untyped        ;
; CLOCK_ENABLE_CORE_A                ; USE_INPUT_CLKEN      ; Untyped        ;
; CLOCK_ENABLE_CORE_B                ; USE_INPUT_CLKEN      ; Untyped        ;
; ENABLE_ECC                         ; FALSE                ; Untyped        ;
; ECC_PIPELINE_STAGE_ENABLED         ; FALSE                ; Untyped        ;
; WIDTH_ECCSTATUS                    ; 3                    ; Untyped        ;
; DEVICE_FAMILY                      ; Cyclone IV GX        ; Untyped        ;
; CBXI_PARAMETER                     ; altsyncram_v8n3      ; Untyped        ;
+------------------------------------+----------------------+----------------+
Note: In order to hide this table in the UI and the text report file, please set the "Show Parameter Settings in Synthesis Report" option in "Analysis and Synthesis Settings -> More Settings" to "Off".


+-------------------------------------------------------------+
; altsyncram Parameter Settings by Entity Instance            ;
+-------------------------------------------+-----------------+
; Name                                      ; Value           ;
+-------------------------------------------+-----------------+
; Number of entity instances                ; 1               ;
; Entity Instance                           ; ALTSYNCRAM:RP_1 ;
;     -- OPERATION_MODE                     ; BIDIR_DUAL_PORT ;
;     -- WIDTH_A                            ; 8               ;
;     -- NUMWORDS_A                         ; 8               ;
;     -- OUTDATA_REG_A                      ; UNREGISTERED    ;
;     -- WIDTH_B                            ; 8               ;
;     -- NUMWORDS_B                         ; 8               ;
;     -- ADDRESS_REG_B                      ; CLOCK0          ;
;     -- OUTDATA_REG_B                      ; UNREGISTERED    ;
;     -- RAM_BLOCK_TYPE                     ; AUTO            ;
;     -- READ_DURING_WRITE_MODE_MIXED_PORTS ; DONT_CARE       ;
+-------------------------------------------+-----------------+


+-------------------------------+
; Elapsed Time Per Partition    ;
+----------------+--------------+
; Partition Name ; Elapsed Time ;
+----------------+--------------+
; Top            ; 00:00:00     ;
+----------------+--------------+


+-------------------------------+
; Analysis & Synthesis Messages ;
+-------------------------------+
Info: *******************************************************************
Info: Running Quartus II 64-Bit Analysis & Synthesis
    Info: Version 13.1.0 Build 162 10/23/2013 SJ Web Edition
    Info: Processing started: Mon Jan 06 15:52:32 2025
Info: Command: quartus_map --read_settings_files=on --write_settings_files=off module_OP -c RP_from_altsyncram
Warning (20028): Parallel compilation is not licensed and has been disabled
Info (12021): Found 1 design units, including 1 entities, in source file modul_altsyncra_after_edit.bdf
    Info (12023): Found entity 1: Modul_altsyncra_after_edit
Info (12127): Elaborating entity "Modul_altsyncra_after_edit" for the top level hierarchy
Info (12128): Elaborating entity "ALTSYNCRAM" for hierarchy "ALTSYNCRAM:RP_1"
Info (12130): Elaborated megafunction instantiation "ALTSYNCRAM:RP_1"
Info (12133): Instantiated megafunction "ALTSYNCRAM:RP_1" with the following parameter:
    Info (12134): Parameter "ADDRESS_ACLR_A" = "NONE"
    Info (12134): Parameter "ADDRESS_ACLR_B" = "NONE"
    Info (12134): Parameter "ADDRESS_REG_B" = "CLOCK0"
    Info (12134): Parameter "BYTE_SIZE" = "8"
    Info (12134): Parameter "BYTEENA_ACLR_A" = "NONE"
    Info (12134): Parameter "BYTEENA_ACLR_B" = "NONE"
    Info (12134): Parameter "BYTEENA_REG_B" = "CLOCK0"
    Info (12134): Parameter "CLOCK_ENABLE_CORE_A" = "USE_INPUT_CLKEN"
    Info (12134): Parameter "CLOCK_ENABLE_CORE_B" = "USE_INPUT_CLKEN"
    Info (12134): Parameter "CLOCK_ENABLE_INPUT_A" = "NORMAL"
    Info (12134): Parameter "CLOCK_ENABLE_INPUT_B" = "NORMAL"
    Info (12134): Parameter "CLOCK_ENABLE_OUTPUT_A" = "NORMAL"
    Info (12134): Parameter "CLOCK_ENABLE_OUTPUT_B" = "NORMAL"
    Info (12134): Parameter "ENABLE_ECC" = "FALSE"
    Info (12134): Parameter "INDATA_ACLR_A" = "NONE"
    Info (12134): Parameter "INDATA_ACLR_B" = "NONE"
    Info (12134): Parameter "INDATA_REG_B" = "CLOCK0"
    Info (12134): Parameter "INIT_FILE" = "mem_file.hex"
    Info (12134): Parameter "INIT_FILE_LAYOUT" = "PORT_B"
    Info (12134): Parameter "MAXIMUM_DEPTH" = "0"
    Info (12134): Parameter "NUMWORDS_A" = "8"
    Info (12134): Parameter "NUMWORDS_B" = "8"
    Info (12134): Parameter "OPERATION_MODE" = "BIDIR_DUAL_PORT"
    Info (12134): Parameter "OUTDATA_ACLR_A" = "NONE"
    Info (12134): Parameter "OUTDATA_ACLR_B" = "NONE"
    Info (12134): Parameter "OUTDATA_REG_A" = "UNREGISTERED"
    Info (12134): Parameter "OUTDATA_REG_B" = "UNREGISTERED"
    Info (12134): Parameter "RAM_BLOCK_TYPE" = "AUTO"
    Info (12134): Parameter "RDCONTROL_ACLR_B" = "NONE"
    Info (12134): Parameter "RDCONTROL_REG_B" = "CLOCK0"
    Info (12134): Parameter "READ_DURING_WRITE_MODE_MIXED_PORTS" = "DONT_CARE"
    Info (12134): Parameter "READ_DURING_WRITE_MODE_PORT_A" = "NEW_DATA_NO_NBE_READ"
    Info (12134): Parameter "READ_DURING_WRITE_MODE_PORT_B" = "NEW_DATA_NO_NBE_READ"
    Info (12134): Parameter "WIDTH_A" = "8"
    Info (12134): Parameter "WIDTH_B" = "8"
    Info (12134): Parameter "WIDTH_BYTEENA_A" = "1"
    Info (12134): Parameter "WIDTH_BYTEENA_B" = "1"
    Info (12134): Parameter "WIDTHAD_A" = "3"
    Info (12134): Parameter "WIDTHAD_B" = "3"
    Info (12134): Parameter "WRCONTROL_ACLR_A" = "NONE"
    Info (12134): Parameter "WRCONTROL_ACLR_B" = "NONE"
    Info (12134): Parameter "WRCONTROL_WRADDRESS_REG_B" = "CLOCK0"
Info (12021): Found 1 design units, including 1 entities, in source file db/altsyncram_v8n3.tdf
    Info (12023): Found entity 1: altsyncram_v8n3
Info (12128): Elaborating entity "altsyncram_v8n3" for hierarchy "ALTSYNCRAM:RP_1|altsyncram_v8n3:auto_generated"
Info (16010): Generating hard_block partition "hard_block:auto_generated_inst"
    Info (16011): Adding 0 node(s), including 0 DDIO, 0 PLL, 0 transceiver and 0 LCELL
Info (21057): Implemented 49 device resources after synthesis - the final resource count might be different
    Info (21058): Implemented 25 input pins
    Info (21059): Implemented 16 output pins
    Info (21064): Implemented 8 RAM segments
Info: Quartus II 64-Bit Analysis & Synthesis was successful. 0 errors, 1 warning
    Info: Peak virtual memory: 4677 megabytes
    Info: Processing ended: Mon Jan 06 15:52:36 2025
    Info: Elapsed time: 00:00:04
    Info: Total CPU time (on all processors): 00:00:04


