MIF/HEX Update report for RP_from_megawizard
Tue Jan 07 23:20:49 2025
Quartus II 64-Bit Version 13.1.0 Build 162 10/23/2013 SJ Web Edition


---------------------
; Table of Contents ;
---------------------
  1. Legal Notice
  2. MIF/HEX Update Summary
  3. MIF/HEX Update Processed Files
  4. MIF/HEX Update Messages



----------------
; Legal Notice ;
----------------
Copyright (C) 1991-2013 Altera Corporation
Your use of Altera Corporation's design tools, logic functions 
and other software and tools, and its AMPP partner logic 
functions, and any output files from any of the foregoing 
(including device programming or simulation files), and any 
associated documentation or information are expressly subject 
to the terms and conditions of the Altera Program License 
Subscription Agreement, Altera MegaCore Function License 
Agreement, or other applicable license agreement, including, 
without limitation, that your use is for the sole purpose of 
programming logic devices manufactured by Altera and sold by 
Altera or its authorized distributors.  Please refer to the 
applicable agreement for further details.



+---------------------------------------------------------------+
; MIF/HEX Update Summary                                        ;
+-----------------------+---------------------------------------+
; MIF/HEX Update Status ; Successful - Tue Jan 07 23:20:49 2025 ;
; Revision Name         ; RP_from_megawizard                    ;
; Top-level Entity Name ; RP_from_megawizard                    ;
; Family                ; Cyclone IV GX                         ;
; Device                ; EP4CGX22CF19C6                        ;
+-----------------------+---------------------------------------+


+-----------------------------------------------------------+
; MIF/HEX Update Processed Files                            ;
+-----------------------------------------------------------+
; File Name                                                 ;
+-----------------------------------------------------------+
; D:/AlteraProjects/from_lipova/Projects_OP/OP/mem_file.hex ;
+-----------------------------------------------------------+


+-------------------------+
; MIF/HEX Update Messages ;
+-------------------------+
Info: *******************************************************************
Info: Running Quartus II 64-Bit MIF/HEX Update
    Info: Version 13.1.0 Build 162 10/23/2013 SJ Web Edition
    Info: Processing started: Tue Jan 07 23:20:44 2025
Info: Command: quartus_cdb module_OP -c RP_from_megawizard --update_mif
Warning (113007): Byte addressed memory initialization file "mem_file.hex" was read in the word-addressed format
Info (39024): Processed the following Memory Initialization File(s)
    Info (39025): Processed Memory Initialization File D:/AlteraProjects/from_lipova/Projects_OP/OP/mem_file.hex
Info: Quartus II 64-Bit MIF/HEX Update was successful. 0 errors, 1 warning
    Info: Peak virtual memory: 4675 megabytes
    Info: Processing ended: Tue Jan 07 23:20:49 2025
    Info: Elapsed time: 00:00:05
    Info: Total CPU time (on all processors): 00:00:02


